10.2.1.9 - - [08/Dec/2017:10:55:13 +0500] "GET / HTTP/1.1" 502 182 "-" "Mozilla/5.0 (Windows NT 10.0; Win64; x64; rv:57.0) Gecko/20100101 Firefox/57.0"
10.2.1.9 - - [08/Dec/2017:10:55:18 +0500] "GET /sgio HTTP/1.1" 502 182 "-" "Mozilla/5.0 (Windows NT 10.0; Win64; x64; rv:57.0) Gecko/20100101 Firefox/57.0"
10.2.1.9 - - [08/Dec/2017:10:55:23 +0500] "GET /sgo HTTP/1.1" 502 182 "-" "Mozilla/5.0 (Windows NT 10.0; Win64; x64; rv:57.0) Gecko/20100101 Firefox/57.0"
10.2.1.9 - - [08/Dec/2017:10:55:51 +0500] "GET / HTTP/1.1" 502 182 "-" "Mozilla/5.0 (Windows NT 10.0; Win64; x64; rv:57.0) Gecko/20100101 Firefox/57.0"
10.2.1.9 - - [08/Dec/2017:10:57:08 +0500] "GET / HTTP/1.1" 502 182 "-" "Mozilla/5.0 (Windows NT 10.0; Win64; x64; rv:57.0) Gecko/20100101 Firefox/57.0"
10.2.1.9 - - [08/Dec/2017:10:57:22 +0500] "GET / HTTP/1.1" 502 182 "-" "Mozilla/5.0 (Windows NT 10.0; Win64; x64; rv:57.0) Gecko/20100101 Firefox/57.0"
10.2.1.9 - - [08/Dec/2017:10:59:19 +0500] "GET / HTTP/1.1" 502 182 "-" "Mozilla/5.0 (Windows NT 10.0; Win64; x64; rv:57.0) Gecko/20100101 Firefox/57.0"
10.2.1.9 - - [08/Dec/2017:10:59:23 +0500] "GET / HTTP/1.1" 502 182 "-" "Mozilla/5.0 (Windows NT 10.0; Win64; x64; rv:57.0) Gecko/20100101 Firefox/57.0"
10.2.1.9 - - [08/Dec/2017:10:59:28 +0500] "GET /sgo HTTP/1.1" 502 182 "-" "Mozilla/5.0 (Windows NT 10.0; Win64; x64; rv:57.0) Gecko/20100101 Firefox/57.0"
10.2.1.9 - - [08/Dec/2017:10:59:45 +0500] "GET / HTTP/1.1" 502 182 "-" "Mozilla/5.0 (Windows NT 10.0; Win64; x64; rv:57.0) Gecko/20100101 Firefox/57.0"
10.2.1.9 - - [08/Dec/2017:11:16:13 +0500] "GET /static HTTP/1.1" 301 194 "-" "Mozilla/5.0 (Windows NT 10.0; Win64; x64; rv:57.0) Gecko/20100101 Firefox/57.0"
10.2.1.9 - - [08/Dec/2017:11:16:13 +0500] "GET /static/ HTTP/1.1" 200 270 "-" "Mozilla/5.0 (Windows NT 10.0; Win64; x64; rv:57.0) Gecko/20100101 Firefox/57.0"
10.2.1.9 - - [08/Dec/2017:11:18:20 +0500] "GET / HTTP/1.1" 504 192 "-" "Mozilla/5.0 (Windows NT 10.0; Win64; x64; rv:57.0) Gecko/20100101 Firefox/57.0"
10.2.1.9 - - [08/Dec/2017:11:18:27 +0500] "GET / HTTP/1.1" 502 182 "-" "Mozilla/5.0 (Windows NT 10.0; Win64; x64; rv:57.0) Gecko/20100101 Firefox/57.0"
10.2.1.9 - - [08/Dec/2017:11:18:29 +0500] "GET / HTTP/1.1" 502 182 "-" "Mozilla/5.0 (Windows NT 10.0; Win64; x64; rv:57.0) Gecko/20100101 Firefox/57.0"
10.2.1.9 - - [08/Dec/2017:11:19:09 +0500] "GET / HTTP/1.1" 502 182 "-" "Mozilla/5.0 (Windows NT 10.0; Win64; x64; rv:57.0) Gecko/20100101 Firefox/57.0"
10.2.1.9 - - [08/Dec/2017:11:19:40 +0500] "GET / HTTP/1.1" 502 182 "-" "Mozilla/5.0 (Windows NT 10.0; Win64; x64; rv:57.0) Gecko/20100101 Firefox/57.0"
10.2.1.9 - - [08/Dec/2017:11:19:52 +0500] "GET /static/ HTTP/1.1" 200 270 "-" "Mozilla/5.0 (Windows NT 10.0; Win64; x64; rv:57.0) Gecko/20100101 Firefox/57.0"
10.2.1.9 - - [08/Dec/2017:11:19:57 +0500] "GET /run HTTP/1.1" 502 182 "-" "Mozilla/5.0 (Windows NT 10.0; Win64; x64; rv:57.0) Gecko/20100101 Firefox/57.0"
10.2.1.9 - - [08/Dec/2017:11:20:01 +0500] "GET /sgo HTTP/1.1" 502 182 "-" "Mozilla/5.0 (Windows NT 10.0; Win64; x64; rv:57.0) Gecko/20100101 Firefox/57.0"
10.2.1.9 - - [08/Dec/2017:11:20:04 +0500] "GET / HTTP/1.1" 502 182 "-" "Mozilla/5.0 (Windows NT 10.0; Win64; x64; rv:57.0) Gecko/20100101 Firefox/57.0"
10.2.1.9 - - [08/Dec/2017:11:20:48 +0500] "GET /index HTTP/1.1" 502 182 "-" "Mozilla/5.0 (Windows NT 10.0; Win64; x64; rv:57.0) Gecko/20100101 Firefox/57.0"
10.2.1.9 - - [08/Dec/2017:11:21:07 +0500] "GET /index HTTP/1.1" 200 2008 "-" "Mozilla/5.0 (Windows NT 10.0; Win64; x64; rv:57.0) Gecko/20100101 Firefox/57.0"
10.2.1.9 - - [08/Dec/2017:11:21:07 +0500] "GET /static/web.css HTTP/1.1" 200 13475 "http://10.2.1.72/index" "Mozilla/5.0 (Windows NT 10.0; Win64; x64; rv:57.0) Gecko/20100101 Firefox/57.0"
10.2.1.9 - - [08/Dec/2017:11:21:07 +0500] "GET /static/js/jquery-ui/jquery-ui.min.css HTTP/1.1" 200 31068 "http://10.2.1.72/index" "Mozilla/5.0 (Windows NT 10.0; Win64; x64; rv:57.0) Gecko/20100101 Firefox/57.0"
10.2.1.9 - - [08/Dec/2017:11:21:07 +0500] "GET /static/js/jquery-ui/jquery-ui.structure.css HTTP/1.1" 200 18705 "http://10.2.1.72/index" "Mozilla/5.0 (Windows NT 10.0; Win64; x64; rv:57.0) Gecko/20100101 Firefox/57.0"
10.2.1.9 - - [08/Dec/2017:11:21:07 +0500] "GET /static/js/grid-2.2.0/pqgrid.min.css HTTP/1.1" 200 10556 "http://10.2.1.72/index" "Mozilla/5.0 (Windows NT 10.0; Win64; x64; rv:57.0) Gecko/20100101 Firefox/57.0"
10.2.1.9 - - [08/Dec/2017:11:21:07 +0500] "GET /static/js/send_alert.js HTTP/1.1" 200 3429 "http://10.2.1.72/index" "Mozilla/5.0 (Windows NT 10.0; Win64; x64; rv:57.0) Gecko/20100101 Firefox/57.0"
10.2.1.9 - - [08/Dec/2017:11:21:07 +0500] "GET /static/js/jquery-ui/external/jquery/jquery.js HTTP/1.1" 200 293430 "http://10.2.1.72/index" "Mozilla/5.0 (Windows NT 10.0; Win64; x64; rv:57.0) Gecko/20100101 Firefox/57.0"
10.2.1.9 - - [08/Dec/2017:11:21:07 +0500] "GET /static/js/jquery-ui/jquery-ui.js HTTP/1.1" 200 520714 "http://10.2.1.72/index" "Mozilla/5.0 (Windows NT 10.0; Win64; x64; rv:57.0) Gecko/20100101 Firefox/57.0"
10.2.1.9 - - [08/Dec/2017:11:21:07 +0500] "GET /static/k.ico HTTP/1.1" 200 438 "-" "Mozilla/5.0 (Windows NT 10.0; Win64; x64; rv:57.0) Gecko/20100101 Firefox/57.0"
10.2.1.9 - - [08/Dec/2017:11:21:20 +0500] "GET /admin HTTP/1.1" 200 1016 "http://10.2.1.72/index" "Mozilla/5.0 (Windows NT 10.0; Win64; x64; rv:57.0) Gecko/20100101 Firefox/57.0"
10.2.1.9 - - [08/Dec/2017:11:21:21 +0500] "GET /create/alarm HTTP/1.1" 200 900 "http://10.2.1.72/admin" "Mozilla/5.0 (Windows NT 10.0; Win64; x64; rv:57.0) Gecko/20100101 Firefox/57.0"
10.2.1.9 - - [08/Dec/2017:11:21:22 +0500] "GET /create/list HTTP/1.1" 200 904 "http://10.2.1.72/create/alarm" "Mozilla/5.0 (Windows NT 10.0; Win64; x64; rv:57.0) Gecko/20100101 Firefox/57.0"
10.2.1.9 - - [08/Dec/2017:11:21:23 +0500] "GET /numbers HTTP/1.1" 200 720 "http://10.2.1.72/create/list" "Mozilla/5.0 (Windows NT 10.0; Win64; x64; rv:57.0) Gecko/20100101 Firefox/57.0"
10.2.1.9 - - [08/Dec/2017:11:21:23 +0500] "GET /static/js/pqgrid.min.js HTTP/1.1" 200 186064 "http://10.2.1.72/numbers" "Mozilla/5.0 (Windows NT 10.0; Win64; x64; rv:57.0) Gecko/20100101 Firefox/57.0"
10.2.1.9 - - [08/Dec/2017:11:21:23 +0500] "GET /static/js/test-grid.js HTTP/1.1" 200 9658 "http://10.2.1.72/numbers" "Mozilla/5.0 (Windows NT 10.0; Win64; x64; rv:57.0) Gecko/20100101 Firefox/57.0"
10.2.1.9 - - [08/Dec/2017:11:21:24 +0500] "GET /static/js/grid-2.2.0/images/vert-bg.png HTTP/1.1" 200 216 "http://10.2.1.72/static/js/grid-2.2.0/pqgrid.min.css" "Mozilla/5.0 (Windows NT 10.0; Win64; x64; rv:57.0) Gecko/20100101 Firefox/57.0"
10.2.1.9 - - [08/Dec/2017:11:21:24 +0500] "GET /static/js/grid-2.2.0/images/sprite.png HTTP/1.1" 200 1668 "http://10.2.1.72/static/js/grid-2.2.0/pqgrid.min.css" "Mozilla/5.0 (Windows NT 10.0; Win64; x64; rv:57.0) Gecko/20100101 Firefox/57.0"
10.2.1.9 - - [08/Dec/2017:11:21:24 +0500] "GET /static/js/grid-2.2.0/images/vert-slider-bg.png HTTP/1.1" 200 201 "http://10.2.1.72/static/js/grid-2.2.0/pqgrid.min.css" "Mozilla/5.0 (Windows NT 10.0; Win64; x64; rv:57.0) Gecko/20100101 Firefox/57.0"
10.2.1.9 - - [08/Dec/2017:11:21:24 +0500] "GET /static/js/grid-2.2.0/images/horiz-bg.png HTTP/1.1" 200 230 "http://10.2.1.72/static/js/grid-2.2.0/pqgrid.min.css" "Mozilla/5.0 (Windows NT 10.0; Win64; x64; rv:57.0) Gecko/20100101 Firefox/57.0"
10.2.1.9 - - [08/Dec/2017:11:21:24 +0500] "GET /static/js/grid-2.2.0/images/horiz-slider-bg.png HTTP/1.1" 200 210 "http://10.2.1.72/static/js/grid-2.2.0/pqgrid.min.css" "Mozilla/5.0 (Windows NT 10.0; Win64; x64; rv:57.0) Gecko/20100101 Firefox/57.0"
10.2.1.9 - - [08/Dec/2017:11:21:24 +0500] "GET /static/js/jquery-ui/images/ui-icons_777777_256x240.png HTTP/1.1" 200 6999 "http://10.2.1.72/static/js/jquery-ui/jquery-ui.min.css" "Mozilla/5.0 (Windows NT 10.0; Win64; x64; rv:57.0) Gecko/20100101 Firefox/57.0"
10.2.1.9 - - [08/Dec/2017:11:21:24 +0500] "GET /static/js/jquery-ui/images/ui-icons_444444_256x240.png HTTP/1.1" 200 6992 "http://10.2.1.72/static/js/jquery-ui/jquery-ui.min.css" "Mozilla/5.0 (Windows NT 10.0; Win64; x64; rv:57.0) Gecko/20100101 Firefox/57.0"
10.2.1.9 - - [08/Dec/2017:11:21:24 +0500] "GET /static/js/grid-2.2.0/images/loading.gif HTTP/1.1" 200 771 "http://10.2.1.72/static/js/grid-2.2.0/pqgrid.min.css" "Mozilla/5.0 (Windows NT 10.0; Win64; x64; rv:57.0) Gecko/20100101 Firefox/57.0"
10.2.1.9 - - [08/Dec/2017:11:21:24 +0500] "GET /numbers_data?pq_datatype=JSON&_=1512714082673 HTTP/1.1" 200 520 "http://10.2.1.72/numbers" "Mozilla/5.0 (Windows NT 10.0; Win64; x64; rv:57.0) Gecko/20100101 Firefox/57.0"
10.2.1.9 - - [08/Dec/2017:11:21:24 +0500] "GET /index HTTP/1.1" 200 2008 "http://10.2.1.72/numbers" "Mozilla/5.0 (Windows NT 10.0; Win64; x64; rv:57.0) Gecko/20100101 Firefox/57.0"
10.2.1.9 - - [08/Dec/2017:11:21:29 +0500] "GET /static/js/jquery-ui/images/ui-bg_inset-hard_100_1abc9c_1x100.png HTTP/1.1" 200 321 "http://10.2.1.72/static/js/jquery-ui/jquery-ui.min.css" "Mozilla/5.0 (Windows NT 10.0; Win64; x64; rv:57.0) Gecko/20100101 Firefox/57.0"
10.2.1.9 - - [08/Dec/2017:11:21:29 +0500] "GET /static/js/jquery-ui/images/ui-icons_555555_256x240.png HTTP/1.1" 200 6988 "http://10.2.1.72/static/js/jquery-ui/jquery-ui.min.css" "Mozilla/5.0 (Windows NT 10.0; Win64; x64; rv:57.0) Gecko/20100101 Firefox/57.0"
10.2.1.9 - - [08/Dec/2017:11:21:30 +0500] "GET /static/js/jquery-ui/images/ui-icons_ffffff_256x240.png HTTP/1.1" 200 6299 "http://10.2.1.72/static/js/jquery-ui/jquery-ui.min.css" "Mozilla/5.0 (Windows NT 10.0; Win64; x64; rv:57.0) Gecko/20100101 Firefox/57.0"
10.2.1.9 - - [08/Dec/2017:11:21:31 +0500] "GET /list/modify/11 HTTP/1.1" 200 1729 "http://10.2.1.72/index" "Mozilla/5.0 (Windows NT 10.0; Win64; x64; rv:57.0) Gecko/20100101 Firefox/57.0"
10.2.1.9 - - [08/Dec/2017:11:21:32 +0500] "GET /static/js/list.js HTTP/1.1" 200 3475 "http://10.2.1.72/list/modify/11" "Mozilla/5.0 (Windows NT 10.0; Win64; x64; rv:57.0) Gecko/20100101 Firefox/57.0"
10.2.1.9 - - [08/Dec/2017:11:21:40 +0500] "GET /index HTTP/1.1" 200 2008 "http://10.2.1.72/list/modify/11" "Mozilla/5.0 (Windows NT 10.0; Win64; x64; rv:57.0) Gecko/20100101 Firefox/57.0"
10.2.1.9 - - [08/Dec/2017:11:26:50 +0500] "GET /index HTTP/1.1" 502 182 "http://10.2.1.72/list/modify/11" "Mozilla/5.0 (Windows NT 10.0; Win64; x64; rv:57.0) Gecko/20100101 Firefox/57.0"
10.2.1.9 - - [08/Dec/2017:11:26:54 +0500] "GET / HTTP/1.1" 502 182 "-" "Mozilla/5.0 (Windows NT 10.0; Win64; x64; rv:57.0) Gecko/20100101 Firefox/57.0"
10.2.1.9 - - [08/Dec/2017:11:44:41 +0500] "GET / HTTP/1.1" 502 182 "-" "Mozilla/5.0 (Windows NT 10.0; Win64; x64; rv:57.0) Gecko/20100101 Firefox/57.0"
10.2.1.9 - - [08/Dec/2017:11:49:55 +0500] "GET / HTTP/1.1" 502 182 "-" "Mozilla/5.0 (Windows NT 10.0; Win64; x64; rv:57.0) Gecko/20100101 Firefox/57.0"
10.2.1.9 - - [08/Dec/2017:11:50:30 +0500] "GET / HTTP/1.1" 502 182 "-" "Mozilla/5.0 (Windows NT 10.0; Win64; x64; rv:57.0) Gecko/20100101 Firefox/57.0"
10.2.1.9 - - [08/Dec/2017:11:50:46 +0500] "GET / HTTP/1.1" 502 182 "-" "Mozilla/5.0 (Windows NT 10.0; Win64; x64; rv:57.0) Gecko/20100101 Firefox/57.0"
10.2.1.9 - - [08/Dec/2017:11:57:06 +0500] "GET / HTTP/1.1" 502 182 "-" "Mozilla/5.0 (Windows NT 10.0; Win64; x64; rv:57.0) Gecko/20100101 Firefox/57.0"
10.2.1.9 - - [08/Dec/2017:12:01:55 +0500] "GET / HTTP/1.1" 502 182 "-" "Mozilla/5.0 (Windows NT 10.0; Win64; x64; rv:57.0) Gecko/20100101 Firefox/57.0"
10.2.1.9 - - [08/Dec/2017:12:04:55 +0500] "GET / HTTP/1.1" 499 0 "-" "Mozilla/5.0 (Windows NT 10.0; Win64; x64; rv:57.0) Gecko/20100101 Firefox/57.0"
10.2.1.9 - - [08/Dec/2017:12:05:56 +0500] "GET / HTTP/1.1" 504 192 "-" "Mozilla/5.0 (Windows NT 10.0; Win64; x64; rv:57.0) Gecko/20100101 Firefox/57.0"
10.2.1.9 - - [08/Dec/2017:12:16:15 +0500] "GET / HTTP/1.1" 504 192 "-" "Mozilla/5.0 (Windows NT 10.0; Win64; x64; rv:57.0) Gecko/20100101 Firefox/57.0"
10.2.1.9 - - [08/Dec/2017:12:18:28 +0500] "GET / HTTP/1.1" 502 182 "-" "Mozilla/5.0 (Windows NT 10.0; Win64; x64; rv:57.0) Gecko/20100101 Firefox/57.0"
10.2.1.9 - - [08/Dec/2017:12:19:04 +0500] "GET / HTTP/1.1" 502 182 "-" "Mozilla/5.0 (Windows NT 10.0; Win64; x64; rv:57.0) Gecko/20100101 Firefox/57.0"
10.2.1.9 - - [08/Dec/2017:12:19:06 +0500] "GET / HTTP/1.1" 200 2008 "-" "Mozilla/5.0 (Windows NT 10.0; Win64; x64; rv:57.0) Gecko/20100101 Firefox/57.0"
10.2.1.9 - - [08/Dec/2017:12:19:06 +0500] "GET /static/web.css HTTP/1.1" 304 0 "http://10.2.1.72/" "Mozilla/5.0 (Windows NT 10.0; Win64; x64; rv:57.0) Gecko/20100101 Firefox/57.0"
10.2.1.9 - - [08/Dec/2017:12:19:06 +0500] "GET /static/js/jquery-ui/jquery-ui.min.css HTTP/1.1" 304 0 "http://10.2.1.72/" "Mozilla/5.0 (Windows NT 10.0; Win64; x64; rv:57.0) Gecko/20100101 Firefox/57.0"
10.2.1.9 - - [08/Dec/2017:12:19:06 +0500] "GET /static/js/jquery-ui/jquery-ui.structure.css HTTP/1.1" 304 0 "http://10.2.1.72/" "Mozilla/5.0 (Windows NT 10.0; Win64; x64; rv:57.0) Gecko/20100101 Firefox/57.0"
10.2.1.9 - - [08/Dec/2017:12:19:06 +0500] "GET /static/js/grid-2.2.0/pqgrid.min.css HTTP/1.1" 304 0 "http://10.2.1.72/" "Mozilla/5.0 (Windows NT 10.0; Win64; x64; rv:57.0) Gecko/20100101 Firefox/57.0"
10.2.1.9 - - [08/Dec/2017:12:19:06 +0500] "GET /static/js/jquery-ui/external/jquery/jquery.js HTTP/1.1" 304 0 "http://10.2.1.72/" "Mozilla/5.0 (Windows NT 10.0; Win64; x64; rv:57.0) Gecko/20100101 Firefox/57.0"
10.2.1.9 - - [08/Dec/2017:12:19:06 +0500] "GET /static/js/jquery-ui/jquery-ui.js HTTP/1.1" 304 0 "http://10.2.1.72/" "Mozilla/5.0 (Windows NT 10.0; Win64; x64; rv:57.0) Gecko/20100101 Firefox/57.0"
10.2.1.9 - - [08/Dec/2017:12:19:06 +0500] "GET /static/js/send_alert.js HTTP/1.1" 304 0 "http://10.2.1.72/" "Mozilla/5.0 (Windows NT 10.0; Win64; x64; rv:57.0) Gecko/20100101 Firefox/57.0"
10.2.1.9 - - [08/Dec/2017:12:19:55 +0500] "GET /numbers HTTP/1.1" 200 720 "http://10.2.1.72/" "Mozilla/5.0 (Windows NT 10.0; Win64; x64; rv:57.0) Gecko/20100101 Firefox/57.0"
10.2.1.9 - - [08/Dec/2017:12:19:56 +0500] "GET /numbers_data?pq_datatype=JSON&_=1512717594441 HTTP/1.1" 200 520 "http://10.2.1.72/numbers" "Mozilla/5.0 (Windows NT 10.0; Win64; x64; rv:57.0) Gecko/20100101 Firefox/57.0"
10.2.1.9 - - [08/Dec/2017:12:19:57 +0500] "GET /create/list HTTP/1.1" 200 898 "http://10.2.1.72/numbers" "Mozilla/5.0 (Windows NT 10.0; Win64; x64; rv:57.0) Gecko/20100101 Firefox/57.0"
10.2.1.9 - - [08/Dec/2017:12:20:01 +0500] "GET /index HTTP/1.1" 200 2008 "http://10.2.1.72/create/list" "Mozilla/5.0 (Windows NT 10.0; Win64; x64; rv:57.0) Gecko/20100101 Firefox/57.0"
10.2.1.13 - - [08/Dec/2017:12:20:15 +0500] "GET /favicon.ico HTTP/1.1" 404 209 "-" "Mozilla/5.0 (Windows NT 6.1; WOW64) AppleWebKit/537.36 (KHTML, like Gecko) Chrome/61.0.3163.100 YaBrowser/17.10.0.2017 Yowser/2.5 Safari/537.36"
10.2.1.13 - - [08/Dec/2017:12:20:27 +0500] "GET / HTTP/1.1" 200 1911 "-" "Mozilla/5.0 (Windows NT 6.1; WOW64) AppleWebKit/537.36 (KHTML, like Gecko) Chrome/61.0.3163.100 YaBrowser/17.10.0.2017 Yowser/2.5 Safari/537.36"
10.2.1.13 - - [08/Dec/2017:12:20:27 +0500] "GET /static/web.css HTTP/1.1" 200 13475 "http://10.2.1.72/" "Mozilla/5.0 (Windows NT 6.1; WOW64) AppleWebKit/537.36 (KHTML, like Gecko) Chrome/61.0.3163.100 YaBrowser/17.10.0.2017 Yowser/2.5 Safari/537.36"
10.2.1.13 - - [08/Dec/2017:12:20:27 +0500] "GET /static/js/jquery-ui/jquery-ui.min.css HTTP/1.1" 200 31068 "http://10.2.1.72/" "Mozilla/5.0 (Windows NT 6.1; WOW64) AppleWebKit/537.36 (KHTML, like Gecko) Chrome/61.0.3163.100 YaBrowser/17.10.0.2017 Yowser/2.5 Safari/537.36"
10.2.1.13 - - [08/Dec/2017:12:20:27 +0500] "GET /static/js/jquery-ui/jquery-ui.structure.css HTTP/1.1" 200 18705 "http://10.2.1.72/" "Mozilla/5.0 (Windows NT 6.1; WOW64) AppleWebKit/537.36 (KHTML, like Gecko) Chrome/61.0.3163.100 YaBrowser/17.10.0.2017 Yowser/2.5 Safari/537.36"
10.2.1.13 - - [08/Dec/2017:12:20:27 +0500] "GET /static/js/grid-2.2.0/pqgrid.min.css HTTP/1.1" 200 10556 "http://10.2.1.72/" "Mozilla/5.0 (Windows NT 6.1; WOW64) AppleWebKit/537.36 (KHTML, like Gecko) Chrome/61.0.3163.100 YaBrowser/17.10.0.2017 Yowser/2.5 Safari/537.36"
10.2.1.13 - - [08/Dec/2017:12:20:27 +0500] "GET /static/js/send_alert.js HTTP/1.1" 200 3429 "http://10.2.1.72/" "Mozilla/5.0 (Windows NT 6.1; WOW64) AppleWebKit/537.36 (KHTML, like Gecko) Chrome/61.0.3163.100 YaBrowser/17.10.0.2017 Yowser/2.5 Safari/537.36"
10.2.1.13 - - [08/Dec/2017:12:20:27 +0500] "GET /static/js/jquery-ui/external/jquery/jquery.js HTTP/1.1" 200 293430 "http://10.2.1.72/" "Mozilla/5.0 (Windows NT 6.1; WOW64) AppleWebKit/537.36 (KHTML, like Gecko) Chrome/61.0.3163.100 YaBrowser/17.10.0.2017 Yowser/2.5 Safari/537.36"
10.2.1.13 - - [08/Dec/2017:12:20:28 +0500] "GET /static/js/jquery-ui/jquery-ui.js HTTP/1.1" 200 520714 "http://10.2.1.72/" "Mozilla/5.0 (Windows NT 6.1; WOW64) AppleWebKit/537.36 (KHTML, like Gecko) Chrome/61.0.3163.100 YaBrowser/17.10.0.2017 Yowser/2.5 Safari/537.36"
10.2.1.13 - - [08/Dec/2017:12:20:29 +0500] "GET /static/k.ico HTTP/1.1" 200 438 "http://10.2.1.72/" "Mozilla/5.0 (Windows NT 6.1; WOW64) AppleWebKit/537.36 (KHTML, like Gecko) Chrome/61.0.3163.100 YaBrowser/17.10.0.2017 Yowser/2.5 Safari/537.36"
10.2.1.9 - - [08/Dec/2017:12:20:39 +0500] "GET /list/modify/9 HTTP/1.1" 200 1760 "http://10.2.1.72/index" "Mozilla/5.0 (Windows NT 10.0; Win64; x64; rv:57.0) Gecko/20100101 Firefox/57.0"
10.2.1.13 - - [08/Dec/2017:12:20:41 +0500] "GET /create/list HTTP/1.1" 200 898 "http://10.2.1.72/" "Mozilla/5.0 (Windows NT 6.1; WOW64) AppleWebKit/537.36 (KHTML, like Gecko) Chrome/61.0.3163.100 YaBrowser/17.10.0.2017 Yowser/2.5 Safari/537.36"
10.2.1.9 - - [08/Dec/2017:12:20:43 +0500] "GET /numbers HTTP/1.1" 200 720 "http://10.2.1.72/list/modify/9" "Mozilla/5.0 (Windows NT 10.0; Win64; x64; rv:57.0) Gecko/20100101 Firefox/57.0"
10.2.1.13 - - [08/Dec/2017:12:20:43 +0500] "GET /index HTTP/1.1" 200 1911 "http://10.2.1.72/create/list" "Mozilla/5.0 (Windows NT 6.1; WOW64) AppleWebKit/537.36 (KHTML, like Gecko) Chrome/61.0.3163.100 YaBrowser/17.10.0.2017 Yowser/2.5 Safari/537.36"
10.2.1.9 - - [08/Dec/2017:12:20:44 +0500] "GET /numbers_data?pq_datatype=JSON&_=1512717642326 HTTP/1.1" 200 520 "http://10.2.1.72/numbers" "Mozilla/5.0 (Windows NT 10.0; Win64; x64; rv:57.0) Gecko/20100101 Firefox/57.0"
10.2.1.9 - - [08/Dec/2017:12:20:49 +0500] "GET /index HTTP/1.1" 200 2008 "http://10.2.1.72/numbers" "Mozilla/5.0 (Windows NT 10.0; Win64; x64; rv:57.0) Gecko/20100101 Firefox/57.0"
10.2.1.13 - - [08/Dec/2017:12:20:57 +0500] "GET /create/list HTTP/1.1" 200 898 "http://10.2.1.72/index" "Mozilla/5.0 (Windows NT 6.1; WOW64) AppleWebKit/537.36 (KHTML, like Gecko) Chrome/61.0.3163.100 YaBrowser/17.10.0.2017 Yowser/2.5 Safari/537.36"
10.2.1.13 - - [08/Dec/2017:12:20:59 +0500] "GET /create/alarm HTTP/1.1" 200 896 "http://10.2.1.72/create/list" "Mozilla/5.0 (Windows NT 6.1; WOW64) AppleWebKit/537.36 (KHTML, like Gecko) Chrome/61.0.3163.100 YaBrowser/17.10.0.2017 Yowser/2.5 Safari/537.36"
10.2.1.13 - - [08/Dec/2017:12:21:01 +0500] "GET /create/list HTTP/1.1" 200 896 "http://10.2.1.72/create/alarm" "Mozilla/5.0 (Windows NT 6.1; WOW64) AppleWebKit/537.36 (KHTML, like Gecko) Chrome/61.0.3163.100 YaBrowser/17.10.0.2017 Yowser/2.5 Safari/537.36"
10.2.1.13 - - [08/Dec/2017:12:21:02 +0500] "GET /create/alarm HTTP/1.1" 200 896 "http://10.2.1.72/create/list" "Mozilla/5.0 (Windows NT 6.1; WOW64) AppleWebKit/537.36 (KHTML, like Gecko) Chrome/61.0.3163.100 YaBrowser/17.10.0.2017 Yowser/2.5 Safari/537.36"
10.2.1.13 - - [08/Dec/2017:12:21:06 +0500] "GET /create/list HTTP/1.1" 200 895 "http://10.2.1.72/create/alarm" "Mozilla/5.0 (Windows NT 6.1; WOW64) AppleWebKit/537.36 (KHTML, like Gecko) Chrome/61.0.3163.100 YaBrowser/17.10.0.2017 Yowser/2.5 Safari/537.36"
10.2.1.13 - - [08/Dec/2017:12:21:07 +0500] "GET /create/alarm HTTP/1.1" 200 896 "http://10.2.1.72/create/list" "Mozilla/5.0 (Windows NT 6.1; WOW64) AppleWebKit/537.36 (KHTML, like Gecko) Chrome/61.0.3163.100 YaBrowser/17.10.0.2017 Yowser/2.5 Safari/537.36"
10.2.1.13 - - [08/Dec/2017:12:21:14 +0500] "GET /create/list HTTP/1.1" 200 899 "http://10.2.1.72/create/alarm" "Mozilla/5.0 (Windows NT 6.1; WOW64) AppleWebKit/537.36 (KHTML, like Gecko) Chrome/61.0.3163.100 YaBrowser/17.10.0.2017 Yowser/2.5 Safari/537.36"
10.2.1.13 - - [08/Dec/2017:12:21:15 +0500] "GET /create/alarm HTTP/1.1" 200 897 "http://10.2.1.72/create/list" "Mozilla/5.0 (Windows NT 6.1; WOW64) AppleWebKit/537.36 (KHTML, like Gecko) Chrome/61.0.3163.100 YaBrowser/17.10.0.2017 Yowser/2.5 Safari/537.36"
10.2.1.9 - - [08/Dec/2017:12:21:18 +0500] "GET /create/list HTTP/1.1" 200 907 "http://10.2.1.72/index" "Mozilla/5.0 (Windows NT 10.0; Win64; x64; rv:57.0) Gecko/20100101 Firefox/57.0"
10.2.1.13 - - [08/Dec/2017:12:21:23 +0500] "GET /index HTTP/1.1" 200 1911 "http://10.2.1.72/create/alarm" "Mozilla/5.0 (Windows NT 6.1; WOW64) AppleWebKit/537.36 (KHTML, like Gecko) Chrome/61.0.3163.100 YaBrowser/17.10.0.2017 Yowser/2.5 Safari/537.36"
10.2.1.13 - - [08/Dec/2017:12:21:24 +0500] "GET /numbers HTTP/1.1" 200 713 "http://10.2.1.72/index" "Mozilla/5.0 (Windows NT 6.1; WOW64) AppleWebKit/537.36 (KHTML, like Gecko) Chrome/61.0.3163.100 YaBrowser/17.10.0.2017 Yowser/2.5 Safari/537.36"
10.2.1.13 - - [08/Dec/2017:12:21:25 +0500] "GET /static/js/test-grid.js HTTP/1.1" 200 9658 "http://10.2.1.72/numbers" "Mozilla/5.0 (Windows NT 6.1; WOW64) AppleWebKit/537.36 (KHTML, like Gecko) Chrome/61.0.3163.100 YaBrowser/17.10.0.2017 Yowser/2.5 Safari/537.36"
10.2.1.13 - - [08/Dec/2017:12:21:25 +0500] "GET /static/js/pqgrid.min.js HTTP/1.1" 200 186064 "http://10.2.1.72/numbers" "Mozilla/5.0 (Windows NT 6.1; WOW64) AppleWebKit/537.36 (KHTML, like Gecko) Chrome/61.0.3163.100 YaBrowser/17.10.0.2017 Yowser/2.5 Safari/537.36"
10.2.1.13 - - [08/Dec/2017:12:21:25 +0500] "GET /static/js/grid-2.2.0/images/vert-bg.png HTTP/1.1" 200 216 "http://10.2.1.72/static/js/grid-2.2.0/pqgrid.min.css" "Mozilla/5.0 (Windows NT 6.1; WOW64) AppleWebKit/537.36 (KHTML, like Gecko) Chrome/61.0.3163.100 YaBrowser/17.10.0.2017 Yowser/2.5 Safari/537.36"
10.2.1.13 - - [08/Dec/2017:12:21:25 +0500] "GET /static/js/grid-2.2.0/images/sprite.png HTTP/1.1" 200 1668 "http://10.2.1.72/static/js/grid-2.2.0/pqgrid.min.css" "Mozilla/5.0 (Windows NT 6.1; WOW64) AppleWebKit/537.36 (KHTML, like Gecko) Chrome/61.0.3163.100 YaBrowser/17.10.0.2017 Yowser/2.5 Safari/537.36"
10.2.1.13 - - [08/Dec/2017:12:21:25 +0500] "GET /static/js/grid-2.2.0/images/vert-slider-bg.png HTTP/1.1" 200 201 "http://10.2.1.72/static/js/grid-2.2.0/pqgrid.min.css" "Mozilla/5.0 (Windows NT 6.1; WOW64) AppleWebKit/537.36 (KHTML, like Gecko) Chrome/61.0.3163.100 YaBrowser/17.10.0.2017 Yowser/2.5 Safari/537.36"
10.2.1.13 - - [08/Dec/2017:12:21:25 +0500] "GET /static/js/grid-2.2.0/images/horiz-bg.png HTTP/1.1" 200 230 "http://10.2.1.72/static/js/grid-2.2.0/pqgrid.min.css" "Mozilla/5.0 (Windows NT 6.1; WOW64) AppleWebKit/537.36 (KHTML, like Gecko) Chrome/61.0.3163.100 YaBrowser/17.10.0.2017 Yowser/2.5 Safari/537.36"
10.2.1.13 - - [08/Dec/2017:12:21:25 +0500] "GET /static/js/grid-2.2.0/images/horiz-slider-bg.png HTTP/1.1" 200 210 "http://10.2.1.72/static/js/grid-2.2.0/pqgrid.min.css" "Mozilla/5.0 (Windows NT 6.1; WOW64) AppleWebKit/537.36 (KHTML, like Gecko) Chrome/61.0.3163.100 YaBrowser/17.10.0.2017 Yowser/2.5 Safari/537.36"
10.2.1.13 - - [08/Dec/2017:12:21:25 +0500] "GET /static/js/jquery-ui/images/ui-icons_777777_256x240.png HTTP/1.1" 200 6999 "http://10.2.1.72/static/js/jquery-ui/jquery-ui.min.css" "Mozilla/5.0 (Windows NT 6.1; WOW64) AppleWebKit/537.36 (KHTML, like Gecko) Chrome/61.0.3163.100 YaBrowser/17.10.0.2017 Yowser/2.5 Safari/537.36"
10.2.1.13 - - [08/Dec/2017:12:21:25 +0500] "GET /static/js/grid-2.2.0/images/loading.gif HTTP/1.1" 200 771 "http://10.2.1.72/static/js/grid-2.2.0/pqgrid.min.css" "Mozilla/5.0 (Windows NT 6.1; WOW64) AppleWebKit/537.36 (KHTML, like Gecko) Chrome/61.0.3163.100 YaBrowser/17.10.0.2017 Yowser/2.5 Safari/537.36"
10.2.1.13 - - [08/Dec/2017:12:21:25 +0500] "GET /static/js/jquery-ui/images/ui-icons_444444_256x240.png HTTP/1.1" 200 6992 "http://10.2.1.72/static/js/jquery-ui/jquery-ui.min.css" "Mozilla/5.0 (Windows NT 6.1; WOW64) AppleWebKit/537.36 (KHTML, like Gecko) Chrome/61.0.3163.100 YaBrowser/17.10.0.2017 Yowser/2.5 Safari/537.36"
10.2.1.13 - - [08/Dec/2017:12:21:25 +0500] "GET /numbers_data?pq_datatype=JSON&_=1512717698575 HTTP/1.1" 200 56 "http://10.2.1.72/numbers" "Mozilla/5.0 (Windows NT 6.1; WOW64) AppleWebKit/537.36 (KHTML, like Gecko) Chrome/61.0.3163.100 YaBrowser/17.10.0.2017 Yowser/2.5 Safari/537.36"
10.2.1.13 - - [08/Dec/2017:12:21:26 +0500] "GET /create/list HTTP/1.1" 200 896 "http://10.2.1.72/numbers" "Mozilla/5.0 (Windows NT 6.1; WOW64) AppleWebKit/537.36 (KHTML, like Gecko) Chrome/61.0.3163.100 YaBrowser/17.10.0.2017 Yowser/2.5 Safari/537.36"
10.2.1.13 - - [08/Dec/2017:12:21:27 +0500] "GET /create/list HTTP/1.1" 200 898 "http://10.2.1.72/create/list" "Mozilla/5.0 (Windows NT 6.1; WOW64) AppleWebKit/537.36 (KHTML, like Gecko) Chrome/61.0.3163.100 YaBrowser/17.10.0.2017 Yowser/2.5 Safari/537.36"
10.2.1.13 - - [08/Dec/2017:12:21:27 +0500] "GET /create/alarm HTTP/1.1" 200 898 "http://10.2.1.72/create/list" "Mozilla/5.0 (Windows NT 6.1; WOW64) AppleWebKit/537.36 (KHTML, like Gecko) Chrome/61.0.3163.100 YaBrowser/17.10.0.2017 Yowser/2.5 Safari/537.36"
10.2.1.13 - - [08/Dec/2017:12:21:28 +0500] "GET /create/list HTTP/1.1" 200 897 "http://10.2.1.72/create/alarm" "Mozilla/5.0 (Windows NT 6.1; WOW64) AppleWebKit/537.36 (KHTML, like Gecko) Chrome/61.0.3163.100 YaBrowser/17.10.0.2017 Yowser/2.5 Safari/537.36"
10.2.1.13 - - [08/Dec/2017:12:21:28 +0500] "GET /create/alarm HTTP/1.1" 200 897 "http://10.2.1.72/create/list" "Mozilla/5.0 (Windows NT 6.1; WOW64) AppleWebKit/537.36 (KHTML, like Gecko) Chrome/61.0.3163.100 YaBrowser/17.10.0.2017 Yowser/2.5 Safari/537.36"
10.2.1.13 - - [08/Dec/2017:12:21:29 +0500] "GET /create/list HTTP/1.1" 200 896 "http://10.2.1.72/create/alarm" "Mozilla/5.0 (Windows NT 6.1; WOW64) AppleWebKit/537.36 (KHTML, like Gecko) Chrome/61.0.3163.100 YaBrowser/17.10.0.2017 Yowser/2.5 Safari/537.36"
10.2.1.13 - - [08/Dec/2017:12:21:29 +0500] "GET /create/alarm HTTP/1.1" 200 896 "http://10.2.1.72/create/list" "Mozilla/5.0 (Windows NT 6.1; WOW64) AppleWebKit/537.36 (KHTML, like Gecko) Chrome/61.0.3163.100 YaBrowser/17.10.0.2017 Yowser/2.5 Safari/537.36"
10.2.1.13 - - [08/Dec/2017:12:21:31 +0500] "GET /create/list HTTP/1.1" 200 896 "http://10.2.1.72/create/alarm" "Mozilla/5.0 (Windows NT 6.1; WOW64) AppleWebKit/537.36 (KHTML, like Gecko) Chrome/61.0.3163.100 YaBrowser/17.10.0.2017 Yowser/2.5 Safari/537.36"
10.2.1.13 - - [08/Dec/2017:12:21:32 +0500] "GET /create/alarm HTTP/1.1" 200 897 "http://10.2.1.72/create/list" "Mozilla/5.0 (Windows NT 6.1; WOW64) AppleWebKit/537.36 (KHTML, like Gecko) Chrome/61.0.3163.100 YaBrowser/17.10.0.2017 Yowser/2.5 Safari/537.36"
10.2.1.13 - - [08/Dec/2017:12:21:32 +0500] "GET /create/list HTTP/1.1" 200 897 "http://10.2.1.72/create/alarm" "Mozilla/5.0 (Windows NT 6.1; WOW64) AppleWebKit/537.36 (KHTML, like Gecko) Chrome/61.0.3163.100 YaBrowser/17.10.0.2017 Yowser/2.5 Safari/537.36"
10.2.1.13 - - [08/Dec/2017:12:21:33 +0500] "GET /create/alarm HTTP/1.1" 200 896 "http://10.2.1.72/create/list" "Mozilla/5.0 (Windows NT 6.1; WOW64) AppleWebKit/537.36 (KHTML, like Gecko) Chrome/61.0.3163.100 YaBrowser/17.10.0.2017 Yowser/2.5 Safari/537.36"
10.2.1.9 - - [08/Dec/2017:12:21:35 +0500] "GET /create/list HTTP/1.1" 200 903 "http://10.2.1.72/create/list" "Mozilla/5.0 (Windows NT 10.0; Win64; x64; rv:57.0) Gecko/20100101 Firefox/57.0"
10.2.1.9 - - [08/Dec/2017:12:21:37 +0500] "GET /create/alarm HTTP/1.1" 200 902 "http://10.2.1.72/create/list" "Mozilla/5.0 (Windows NT 10.0; Win64; x64; rv:57.0) Gecko/20100101 Firefox/57.0"
10.2.1.9 - - [08/Dec/2017:12:21:39 +0500] "GET /admin HTTP/1.1" 200 1013 "http://10.2.1.72/create/alarm" "Mozilla/5.0 (Windows NT 10.0; Win64; x64; rv:57.0) Gecko/20100101 Firefox/57.0"
10.2.1.9 - - [08/Dec/2017:12:21:41 +0500] "GET /numbers HTTP/1.1" 200 720 "http://10.2.1.72/admin" "Mozilla/5.0 (Windows NT 10.0; Win64; x64; rv:57.0) Gecko/20100101 Firefox/57.0"
10.2.1.9 - - [08/Dec/2017:12:21:42 +0500] "GET /numbers_data?pq_datatype=JSON&_=1512717701056 HTTP/1.1" 200 520 "http://10.2.1.72/numbers" "Mozilla/5.0 (Windows NT 10.0; Win64; x64; rv:57.0) Gecko/20100101 Firefox/57.0"
10.2.1.13 - - [08/Dec/2017:12:21:44 +0500] "GET /create/list HTTP/1.1" 200 897 "http://10.2.1.72/create/alarm" "Mozilla/5.0 (Windows NT 6.1; WOW64) AppleWebKit/537.36 (KHTML, like Gecko) Chrome/61.0.3163.100 YaBrowser/17.10.0.2017 Yowser/2.5 Safari/537.36"
10.2.1.13 - - [08/Dec/2017:12:21:46 +0500] "GET /create/list HTTP/1.1" 200 896 "http://10.2.1.72/create/list" "Mozilla/5.0 (Windows NT 6.1; WOW64) AppleWebKit/537.36 (KHTML, like Gecko) Chrome/61.0.3163.100 YaBrowser/17.10.0.2017 Yowser/2.5 Safari/537.36"
10.2.1.13 - - [08/Dec/2017:12:21:47 +0500] "GET /create/list HTTP/1.1" 200 895 "http://10.2.1.72/create/list" "Mozilla/5.0 (Windows NT 6.1; WOW64) AppleWebKit/537.36 (KHTML, like Gecko) Chrome/61.0.3163.100 YaBrowser/17.10.0.2017 Yowser/2.5 Safari/537.36"
10.2.1.13 - - [08/Dec/2017:12:21:53 +0500] "GET /create/alarm HTTP/1.1" 200 897 "http://10.2.1.72/create/list" "Mozilla/5.0 (Windows NT 6.1; WOW64) AppleWebKit/537.36 (KHTML, like Gecko) Chrome/61.0.3163.100 YaBrowser/17.10.0.2017 Yowser/2.5 Safari/537.36"
10.2.1.13 - - [08/Dec/2017:12:21:54 +0500] "GET /create/list HTTP/1.1" 200 894 "http://10.2.1.72/create/alarm" "Mozilla/5.0 (Windows NT 6.1; WOW64) AppleWebKit/537.36 (KHTML, like Gecko) Chrome/61.0.3163.100 YaBrowser/17.10.0.2017 Yowser/2.5 Safari/537.36"
10.2.1.13 - - [08/Dec/2017:12:21:54 +0500] "GET /create/alarm HTTP/1.1" 200 894 "http://10.2.1.72/create/list" "Mozilla/5.0 (Windows NT 6.1; WOW64) AppleWebKit/537.36 (KHTML, like Gecko) Chrome/61.0.3163.100 YaBrowser/17.10.0.2017 Yowser/2.5 Safari/537.36"
10.2.1.13 - - [08/Dec/2017:12:21:55 +0500] "GET /create/alarm HTTP/1.1" 200 896 "http://10.2.1.72/create/alarm" "Mozilla/5.0 (Windows NT 6.1; WOW64) AppleWebKit/537.36 (KHTML, like Gecko) Chrome/61.0.3163.100 YaBrowser/17.10.0.2017 Yowser/2.5 Safari/537.36"
10.2.1.13 - - [08/Dec/2017:12:21:56 +0500] "GET /help HTTP/1.1" 200 608 "http://10.2.1.72/create/alarm" "Mozilla/5.0 (Windows NT 6.1; WOW64) AppleWebKit/537.36 (KHTML, like Gecko) Chrome/61.0.3163.100 YaBrowser/17.10.0.2017 Yowser/2.5 Safari/537.36"
10.2.1.13 - - [08/Dec/2017:12:21:57 +0500] "GET /numbers HTTP/1.1" 200 713 "http://10.2.1.72/help" "Mozilla/5.0 (Windows NT 6.1; WOW64) AppleWebKit/537.36 (KHTML, like Gecko) Chrome/61.0.3163.100 YaBrowser/17.10.0.2017 Yowser/2.5 Safari/537.36"
10.2.1.13 - - [08/Dec/2017:12:21:58 +0500] "GET /numbers_data?pq_datatype=JSON&_=1512717731260 HTTP/1.1" 200 56 "http://10.2.1.72/numbers" "Mozilla/5.0 (Windows NT 6.1; WOW64) AppleWebKit/537.36 (KHTML, like Gecko) Chrome/61.0.3163.100 YaBrowser/17.10.0.2017 Yowser/2.5 Safari/537.36"
10.2.1.13 - - [08/Dec/2017:12:21:58 +0500] "GET /create/list HTTP/1.1" 200 898 "http://10.2.1.72/numbers" "Mozilla/5.0 (Windows NT 6.1; WOW64) AppleWebKit/537.36 (KHTML, like Gecko) Chrome/61.0.3163.100 YaBrowser/17.10.0.2017 Yowser/2.5 Safari/537.36"
10.2.1.13 - - [08/Dec/2017:12:21:59 +0500] "GET /create/alarm HTTP/1.1" 200 894 "http://10.2.1.72/create/list" "Mozilla/5.0 (Windows NT 6.1; WOW64) AppleWebKit/537.36 (KHTML, like Gecko) Chrome/61.0.3163.100 YaBrowser/17.10.0.2017 Yowser/2.5 Safari/537.36"
10.2.1.9 - - [08/Dec/2017:12:22:00 +0500] "POST /numbers_batch HTTP/1.1" 500 291 "http://10.2.1.72/numbers" "Mozilla/5.0 (Windows NT 10.0; Win64; x64; rv:57.0) Gecko/20100101 Firefox/57.0"
10.2.1.9 - - [08/Dec/2017:12:22:02 +0500] "GET /numbers HTTP/1.1" 200 720 "http://10.2.1.72/numbers" "Mozilla/5.0 (Windows NT 10.0; Win64; x64; rv:57.0) Gecko/20100101 Firefox/57.0"
10.2.1.13 - - [08/Dec/2017:12:22:02 +0500] "GET /create/list HTTP/1.1" 200 898 "http://10.2.1.72/create/alarm" "Mozilla/5.0 (Windows NT 6.1; WOW64) AppleWebKit/537.36 (KHTML, like Gecko) Chrome/61.0.3163.100 YaBrowser/17.10.0.2017 Yowser/2.5 Safari/537.36"
10.2.1.9 - - [08/Dec/2017:12:22:03 +0500] "GET /numbers_data?pq_datatype=JSON&_=1512717721603 HTTP/1.1" 200 520 "http://10.2.1.72/numbers" "Mozilla/5.0 (Windows NT 10.0; Win64; x64; rv:57.0) Gecko/20100101 Firefox/57.0"
10.2.1.13 - - [08/Dec/2017:12:22:03 +0500] "GET /create/alarm HTTP/1.1" 200 899 "http://10.2.1.72/create/list" "Mozilla/5.0 (Windows NT 6.1; WOW64) AppleWebKit/537.36 (KHTML, like Gecko) Chrome/61.0.3163.100 YaBrowser/17.10.0.2017 Yowser/2.5 Safari/537.36"
10.2.1.13 - - [08/Dec/2017:12:22:04 +0500] "GET /help HTTP/1.1" 200 608 "http://10.2.1.72/create/alarm" "Mozilla/5.0 (Windows NT 6.1; WOW64) AppleWebKit/537.36 (KHTML, like Gecko) Chrome/61.0.3163.100 YaBrowser/17.10.0.2017 Yowser/2.5 Safari/537.36"
10.2.1.13 - - [08/Dec/2017:12:22:04 +0500] "GET /logout HTTP/1.1" 302 219 "http://10.2.1.72/help" "Mozilla/5.0 (Windows NT 6.1; WOW64) AppleWebKit/537.36 (KHTML, like Gecko) Chrome/61.0.3163.100 YaBrowser/17.10.0.2017 Yowser/2.5 Safari/537.36"
10.2.1.13 - - [08/Dec/2017:12:22:04 +0500] "GET /index HTTP/1.1" 302 247 "http://10.2.1.72/help" "Mozilla/5.0 (Windows NT 6.1; WOW64) AppleWebKit/537.36 (KHTML, like Gecko) Chrome/61.0.3163.100 YaBrowser/17.10.0.2017 Yowser/2.5 Safari/537.36"
10.2.1.13 - - [08/Dec/2017:12:22:04 +0500] "GET /login?next=%2Findex HTTP/1.1" 200 565 "http://10.2.1.72/help" "Mozilla/5.0 (Windows NT 6.1; WOW64) AppleWebKit/537.36 (KHTML, like Gecko) Chrome/61.0.3163.100 YaBrowser/17.10.0.2017 Yowser/2.5 Safari/537.36"
10.2.1.9 - - [08/Dec/2017:12:22:04 +0500] "GET /admin HTTP/1.1" 200 1012 "http://10.2.1.72/numbers" "Mozilla/5.0 (Windows NT 10.0; Win64; x64; rv:57.0) Gecko/20100101 Firefox/57.0"
10.2.1.13 - - [08/Dec/2017:12:22:04 +0500] "GET /favicon.ico HTTP/1.1" 404 209 "http://10.2.1.72/login?next=%2Findex" "Mozilla/5.0 (Windows NT 6.1; WOW64) AppleWebKit/537.36 (KHTML, like Gecko) Chrome/61.0.3163.100 YaBrowser/17.10.0.2017 Yowser/2.5 Safari/537.36"
10.2.1.13 - - [08/Dec/2017:12:22:18 +0500] "POST /login?next=%2Findex HTTP/1.1" 200 573 "http://10.2.1.72/login?next=%2Findex" "Mozilla/5.0 (Windows NT 6.1; WOW64) AppleWebKit/537.36 (KHTML, like Gecko) Chrome/61.0.3163.100 YaBrowser/17.10.0.2017 Yowser/2.5 Safari/537.36"
10.2.1.9 - - [08/Dec/2017:12:22:20 +0500] "GET /admin HTTP/1.1" 200 1013 "http://10.2.1.72/admin" "Mozilla/5.0 (Windows NT 10.0; Win64; x64; rv:57.0) Gecko/20100101 Firefox/57.0"
10.2.1.9 - - [08/Dec/2017:12:22:22 +0500] "GET /create/alarm HTTP/1.1" 200 898 "http://10.2.1.72/admin" "Mozilla/5.0 (Windows NT 10.0; Win64; x64; rv:57.0) Gecko/20100101 Firefox/57.0"
10.2.1.9 - - [08/Dec/2017:12:22:23 +0500] "GET /create/list HTTP/1.1" 200 901 "http://10.2.1.72/create/alarm" "Mozilla/5.0 (Windows NT 10.0; Win64; x64; rv:57.0) Gecko/20100101 Firefox/57.0"
10.2.1.9 - - [08/Dec/2017:12:22:25 +0500] "GET /numbers HTTP/1.1" 200 720 "http://10.2.1.72/create/list" "Mozilla/5.0 (Windows NT 10.0; Win64; x64; rv:57.0) Gecko/20100101 Firefox/57.0"
10.2.1.9 - - [08/Dec/2017:12:22:26 +0500] "GET /numbers_data?pq_datatype=JSON&_=1512717744903 HTTP/1.1" 200 520 "http://10.2.1.72/numbers" "Mozilla/5.0 (Windows NT 10.0; Win64; x64; rv:57.0) Gecko/20100101 Firefox/57.0"
10.2.1.13 - - [08/Dec/2017:12:22:28 +0500] "POST /login?next=%2Findex HTTP/1.1" 200 572 "http://10.2.1.72/login?next=%2Findex" "Mozilla/5.0 (Windows NT 6.1; WOW64) AppleWebKit/537.36 (KHTML, like Gecko) Chrome/61.0.3163.100 YaBrowser/17.10.0.2017 Yowser/2.5 Safari/537.36"
10.2.1.9 - - [08/Dec/2017:12:22:29 +0500] "GET /index HTTP/1.1" 200 2008 "http://10.2.1.72/numbers" "Mozilla/5.0 (Windows NT 10.0; Win64; x64; rv:57.0) Gecko/20100101 Firefox/57.0"
10.2.1.9 - - [08/Dec/2017:12:22:30 +0500] "GET /numbers HTTP/1.1" 200 720 "http://10.2.1.72/index" "Mozilla/5.0 (Windows NT 10.0; Win64; x64; rv:57.0) Gecko/20100101 Firefox/57.0"
10.2.1.9 - - [08/Dec/2017:12:22:32 +0500] "GET /numbers_data?pq_datatype=JSON&_=1512717750398 HTTP/1.1" 200 520 "http://10.2.1.72/numbers" "Mozilla/5.0 (Windows NT 10.0; Win64; x64; rv:57.0) Gecko/20100101 Firefox/57.0"
10.2.1.9 - - [08/Dec/2017:12:22:33 +0500] "GET /index HTTP/1.1" 200 2008 "http://10.2.1.72/numbers" "Mozilla/5.0 (Windows NT 10.0; Win64; x64; rv:57.0) Gecko/20100101 Firefox/57.0"
10.2.1.13 - - [08/Dec/2017:12:22:44 +0500] "POST /login?next=%2Findex HTTP/1.1" 302 219 "http://10.2.1.72/login?next=%2Findex" "Mozilla/5.0 (Windows NT 6.1; WOW64) AppleWebKit/537.36 (KHTML, like Gecko) Chrome/61.0.3163.100 YaBrowser/17.10.0.2017 Yowser/2.5 Safari/537.36"
10.2.1.13 - - [08/Dec/2017:12:22:44 +0500] "GET /index HTTP/1.1" 200 2019 "http://10.2.1.72/login?next=%2Findex" "Mozilla/5.0 (Windows NT 6.1; WOW64) AppleWebKit/537.36 (KHTML, like Gecko) Chrome/61.0.3163.100 YaBrowser/17.10.0.2017 Yowser/2.5 Safari/537.36"
10.2.1.9 - - [08/Dec/2017:12:25:06 +0500] "GET /numbers HTTP/1.1" 200 720 "http://10.2.1.72/index" "Mozilla/5.0 (Windows NT 10.0; Win64; x64; rv:57.0) Gecko/20100101 Firefox/57.0"
10.2.1.9 - - [08/Dec/2017:12:25:07 +0500] "GET /numbers_data?pq_datatype=JSON&_=1512717905949 HTTP/1.1" 200 520 "http://10.2.1.72/numbers" "Mozilla/5.0 (Windows NT 10.0; Win64; x64; rv:57.0) Gecko/20100101 Firefox/57.0"
10.2.1.9 - - [08/Dec/2017:12:25:08 +0500] "GET /index HTTP/1.1" 200 2008 "http://10.2.1.72/numbers" "Mozilla/5.0 (Windows NT 10.0; Win64; x64; rv:57.0) Gecko/20100101 Firefox/57.0"
